[Supabase] Testing database connection... ⚡
HAPPA backend running on http://localhost:9000
[Supabase] Connection timeout/error. Falling back to local db.json: Supabase timeout
[Supabase] Testing database connection... ⚡
node:events:487
      throw er; // Unhandled 'error' event
      ^

Error: listen EADDRINUSE: address already in use :::9000
    at Server.setupListenHandle [as _listen2] (node:net:2167:16)
    at listenInCluster (node:net:2224:12)
    at Server.listen (node:net:2344:7)
    at app.listen (C:\Users\user\Downloads\happa project\node_modules\express\lib\application.js:635:24)
    at Object.<anonymous> (C:\Users\user\Downloads\happa project\server.js:1356:5)
    at Module._compile (node:internal/modules/cjs/loader:1944:14)
    at Object..js (node:internal/modules/cjs/loader:2084:10)
    at Module.load (node:internal/modules/cjs/loader:1666:32)
    at Module._load (node:internal/modules/cjs/loader:1447:12)
    at wrapModuleLoad (node:internal/modules/cjs/loader:260:19)
Emitted 'error' event on Server instance at:
    at emitErrorNT (node:net:2203:8)
    at process.processTicksAndRejections (node:internal/process/task_queues:90:21) {
  code: 'EADDRINUSE',
  errno: -4091,
  syscall: 'listen',
  address: '::',
  port: 9000
}

Node.js v26.4.0
